// Jest Snapshot v1, https://goo.gl/fbAQLP

exports[`Cell renders correctly 1`] = `
<DocumentFragment>
  <div
    class="cell"
    data-testid="R1:C1"
    style="background: rgb(255, 255, 0);"
  />
</DocumentFragment>
`;
