// Jest Snapshot v1, https://goo.gl/fbAQLP

exports[`Container renders correctly 1`] = `
<DocumentFragment>
  <div
    class="container"
  >
    <div
      class="panel"
    >
      <div
        class="grid--row"
      >
        <div
          class="grid grid--cell"
          data-testid="Panel"
        >
          <div
            class="cell"
            data-testid="R0:C0"
            style="background: rgb(236, 236, 236);"
          />
        </div>
        <div
          class="grid grid--cell"
          data-testid="Panel"
        >
          <div
            class="cell"
            data-testid="R0:C1"
            style="background: rgb(236, 236, 236);"
          />
        </div>
        <div
          class="grid grid--cell"
          data-testid="Panel"
        >
          <div
            class="cell"
            data-testid="R0:C2"
            style="background: rgb(236, 236, 236);"
          />
        </div>
        <div
          class="grid grid--cell"
          data-testid="Panel"
        >
          <div
            class="cell"
            data-testid="R0:C3"
            style="background: rgb(236, 236, 236);"
          />
        </div>
        <div
          class="grid grid--cell"
          data-testid="Panel"
        >
          <div
            class="cell"
            data-testid="R0:C4"
            style="background: rgb(236, 236, 236);"
          />
        </div>
        <div
          class="grid grid--cell"
          data-testid="Panel"
        >
          <div
            class="cell"
            data-testid="R0:C5"
            style="background: rgb(236, 236, 236);"
          />
        </div>
        <div
          class="grid grid--cell"
          data-testid="Panel"
        >
          <div
            class="cell"
            data-testid="R0:C6"
            style="background: rgb(236, 236, 236);"
          />
        </div>
        <div
          class="grid grid--cell"
          data-testid="Panel"
        >
          <div
            class="cell"
            data-testid="R0:C7"
            style="background: rgb(236, 236, 236);"
          />
        </div>
        <div
          class="grid grid--cell"
          data-testid="Panel"
        >
          <div
            class="cell"
            data-testid="R0:C8"
            style="background: rgb(236, 236, 236);"
          />
        </div>
        <div
          class="grid grid--cell"
          data-testid="Panel"
        >
          <div
            class="cell"
            data-testid="R0:C9"
            style="background: rgb(236, 236, 236);"
          />
        </div>
      </div>
      <div
        class="grid--row"
      >
        <div
          class="grid grid--cell"
          data-testid="Panel"
        >
          <div
            class="cell"
            data-testid="R1:C0"
            style="background: rgb(236, 236, 236);"
          />
        </div>
        <div
          class="grid grid--cell"
          data-testid="Panel"
        >
          <div
            class="cell"
            data-testid="R1:C1"
            style="background: rgb(236, 236, 236);"
          />
        </div>
        <div
          class="grid grid--cell"
          data-testid="Panel"
        >
          <div
            class="cell"
            data-testid="R1:C2"
            style="background: rgb(236, 236, 236);"
          />
        </div>
        <div
          class="grid grid--cell"
          data-testid="Panel"
        >
          <div
            class="cell"
            data-testid="R1:C3"
            style="background: rgb(236, 236, 236);"
          />
        </div>
        <div
          class="grid grid--cell"
          data-testid="Panel"
        >
          <div
            class="cell"
            data-testid="R1:C4"
            style="background: rgb(236, 236, 236);"
          />
        </div>
        <div
          class="grid grid--cell"
          data-testid="Panel"
        >
          <div
            class="cell"
            data-testid="R1:C5"
            style="background: rgb(236, 236, 236);"
          />
        </div>
        <div
          class="grid grid--cell"
          data-testid="Panel"
        >
          <div
            class="cell"
            data-testid="R1:C6"
            style="background: rgb(236, 236, 236);"
          />
        </div>
        <div
          class="grid grid--cell"
          data-testid="Panel"
        >
          <div
            class="cell"
            data-testid="R1:C7"
            style="background: rgb(236, 236, 236);"
          />
        </div>
        <div
          class="grid grid--cell"
          data-testid="Panel"
        >
          <div
            class="cell"
            data-testid="R1:C8"
            style="background: rgb(236, 236, 236);"
          />
        </div>
        <div
          class="grid grid--cell"
          data-testid="Panel"
        >
          <div
            class="cell"
            data-testid="R1:C9"
            style="background: rgb(236, 236, 236);"
          />
        </div>
      </div>
      <div
        class="grid--row"
      >
        <div
          class="grid grid--cell"
          data-testid="Panel"
        >
          <div
            class="cell"
            data-testid="R2:C0"
            style="background: rgb(236, 236, 236);"
          />
        </div>
        <div
          class="grid grid--cell"
          data-testid="Panel"
        >
          <div
            class="cell"
            data-testid="R2:C1"
            style="background: rgb(236, 236, 236);"
          />
        </div>
        <div
          class="grid grid--cell"
          data-testid="Panel"
        >
          <div
            class="cell"
            data-testid="R2:C2"
            style="background: rgb(236, 236, 236);"
          />
        </div>
        <div
          class="grid grid--cell"
          data-testid="Panel"
        >
          <div
            class="cell"
            data-testid="R2:C3"
            style="background: rgb(236, 236, 236);"
          />
        </div>
        <div
          class="grid grid--cell"
          data-testid="Panel"
        >
          <div
            class="cell"
            data-testid="R2:C4"
            style="background: rgb(236, 236, 236);"
          />
        </div>
        <div
          class="grid grid--cell"
          data-testid="Panel"
        >
          <div
            class="cell"
            data-testid="R2:C5"
            style="background: rgb(236, 236, 236);"
          />
        </div>
        <div
          class="grid grid--cell"
          data-testid="Panel"
        >
          <div
            class="cell"
            data-testid="R2:C6"
            style="background: rgb(236, 236, 236);"
          />
        </div>
        <div
          class="grid grid--cell"
          data-testid="Panel"
        >
          <div
            class="cell"
            data-testid="R2:C7"
            style="background: rgb(236, 236, 236);"
          />
        </div>
        <div
          class="grid grid--cell"
          data-testid="Panel"
        >
          <div
            class="cell"
            data-testid="R2:C8"
            style="background: rgb(236, 236, 236);"
          />
        </div>
        <div
          class="grid grid--cell"
          data-testid="Panel"
        >
          <div
            class="cell"
            data-testid="R2:C9"
            style="background: rgb(236, 236, 236);"
          />
        </div>
      </div>
      <div
        class="grid--row"
      >
        <div
          class="grid grid--cell"
          data-testid="Panel"
        >
          <div
            class="cell"
            data-testid="R3:C0"
            style="background: rgb(236, 236, 236);"
          />
        </div>
        <div
          class="grid grid--cell"
          data-testid="Panel"
        >
          <div
            class="cell"
            data-testid="R3:C1"
            style="background: rgb(236, 236, 236);"
          />
        </div>
        <div
          class="grid grid--cell"
          data-testid="Panel"
        >
          <div
            class="cell"
            data-testid="R3:C2"
            style="background: rgb(236, 236, 236);"
          />
        </div>
        <div
          class="grid grid--cell"
          data-testid="Panel"
        >
          <div
            class="cell"
            data-testid="R3:C3"
            style="background: rgb(236, 236, 236);"
          />
        </div>
        <div
          class="grid grid--cell"
          data-testid="Panel"
        >
          <div
            class="cell"
            data-testid="R3:C4"
            style="background: rgb(236, 236, 236);"
          />
        </div>
        <div
          class="grid grid--cell"
          data-testid="Panel"
        >
          <div
            class="cell"
            data-testid="R3:C5"
            style="background: rgb(236, 236, 236);"
          />
        </div>
        <div
          class="grid grid--cell"
          data-testid="Panel"
        >
          <div
            class="cell"
            data-testid="R3:C6"
            style="background: rgb(236, 236, 236);"
          />
        </div>
        <div
          class="grid grid--cell"
          data-testid="Panel"
        >
          <div
            class="cell"
            data-testid="R3:C7"
            style="background: rgb(236, 236, 236);"
          />
        </div>
        <div
          class="grid grid--cell"
          data-testid="Panel"
        >
          <div
            class="cell"
            data-testid="R3:C8"
            style="background: rgb(236, 236, 236);"
          />
        </div>
        <div
          class="grid grid--cell"
          data-testid="Panel"
        >
          <div
            class="cell"
            data-testid="R3:C9"
            style="background: rgb(236, 236, 236);"
          />
        </div>
      </div>
      <div
        class="grid--row"
      >
        <div
          class="grid grid--cell"
          data-testid="Panel"
        >
          <div
            class="cell"
            data-testid="R4:C0"
            style="background: rgb(236, 236, 236);"
          />
        </div>
        <div
          class="grid grid--cell"
          data-testid="Panel"
        >
          <div
            class="cell"
            data-testid="R4:C1"
            style="background: rgb(236, 236, 236);"
          />
        </div>
        <div
          class="grid grid--cell"
          data-testid="Panel"
        >
          <div
            class="cell"
            data-testid="R4:C2"
            style="background: rgb(236, 236, 236);"
          />
        </div>
        <div
          class="grid grid--cell"
          data-testid="Panel"
        >
          <div
            class="cell"
            data-testid="R4:C3"
            style="background: rgb(236, 236, 236);"
          />
        </div>
        <div
          class="grid grid--cell"
          data-testid="Panel"
        >
          <div
            class="cell"
            data-testid="R4:C4"
            style="background: rgb(236, 236, 236);"
          />
        </div>
        <div
          class="grid grid--cell"
          data-testid="Panel"
        >
          <div
            class="cell"
            data-testid="R4:C5"
            style="background: rgb(236, 236, 236);"
          />
        </div>
        <div
          class="grid grid--cell"
          data-testid="Panel"
        >
          <div
            class="cell"
            data-testid="R4:C6"
            style="background: rgb(236, 236, 236);"
          />
        </div>
        <div
          class="grid grid--cell"
          data-testid="Panel"
        >
          <div
            class="cell"
            data-testid="R4:C7"
            style="background: rgb(236, 236, 236);"
          />
        </div>
        <div
          class="grid grid--cell"
          data-testid="Panel"
        >
          <div
            class="cell"
            data-testid="R4:C8"
            style="background: rgb(236, 236, 236);"
          />
        </div>
        <div
          class="grid grid--cell"
          data-testid="Panel"
        >
          <div
            class="cell"
            data-testid="R4:C9"
            style="background: rgb(236, 236, 236);"
          />
        </div>
      </div>
      <div
        class="grid--row"
      >
        <div
          class="grid grid--cell"
          data-testid="Panel"
        >
          <div
            class="cell"
            data-testid="R5:C0"
            style="background: rgb(236, 236, 236);"
          />
        </div>
        <div
          class="grid grid--cell"
          data-testid="Panel"
        >
          <div
            class="cell"
            data-testid="R5:C1"
            style="background: rgb(236, 236, 236);"
          />
        </div>
        <div
          class="grid grid--cell"
          data-testid="Panel"
        >
          <div
            class="cell"
            data-testid="R5:C2"
            style="background: rgb(236, 236, 236);"
          />
        </div>
        <div
          class="grid grid--cell"
          data-testid="Panel"
        >
          <div
            class="cell"
            data-testid="R5:C3"
            style="background: rgb(236, 236, 236);"
          />
        </div>
        <div
          class="grid grid--cell"
          data-testid="Panel"
        >
          <div
            class="cell"
            data-testid="R5:C4"
            style="background: rgb(236, 236, 236);"
          />
        </div>
        <div
          class="grid grid--cell"
          data-testid="Panel"
        >
          <div
            class="cell"
            data-testid="R5:C5"
            style="background: rgb(236, 236, 236);"
          />
        </div>
        <div
          class="grid grid--cell"
          data-testid="Panel"
        >
          <div
            class="cell"
            data-testid="R5:C6"
            style="background: rgb(236, 236, 236);"
          />
        </div>
        <div
          class="grid grid--cell"
          data-testid="Panel"
        >
          <div
            class="cell"
            data-testid="R5:C7"
            style="background: rgb(236, 236, 236);"
          />
        </div>
        <div
          class="grid grid--cell"
          data-testid="Panel"
        >
          <div
            class="cell"
            data-testid="R5:C8"
            style="background: rgb(236, 236, 236);"
          />
        </div>
        <div
          class="grid grid--cell"
          data-testid="Panel"
        >
          <div
            class="cell"
            data-testid="R5:C9"
            style="background: rgb(236, 236, 236);"
          />
        </div>
      </div>
      <div
        class="grid--row"
      >
        <div
          class="grid grid--cell"
          data-testid="Panel"
        >
          <div
            class="cell"
            data-testid="R6:C0"
            style="background: rgb(236, 236, 236);"
          />
        </div>
        <div
          class="grid grid--cell"
          data-testid="Panel"
        >
          <div
            class="cell"
            data-testid="R6:C1"
            style="background: rgb(236, 236, 236);"
          />
        </div>
        <div
          class="grid grid--cell"
          data-testid="Panel"
        >
          <div
            class="cell"
            data-testid="R6:C2"
            style="background: rgb(236, 236, 236);"
          />
        </div>
        <div
          class="grid grid--cell"
          data-testid="Panel"
        >
          <div
            class="cell"
            data-testid="R6:C3"
            style="background: rgb(236, 236, 236);"
          />
        </div>
        <div
          class="grid grid--cell"
          data-testid="Panel"
        >
          <div
            class="cell"
            data-testid="R6:C4"
            style="background: rgb(236, 236, 236);"
          />
        </div>
        <div
          class="grid grid--cell"
          data-testid="Panel"
        >
          <div
            class="cell"
            data-testid="R6:C5"
            style="background: rgb(236, 236, 236);"
          />
        </div>
        <div
          class="grid grid--cell"
          data-testid="Panel"
        >
          <div
            class="cell"
            data-testid="R6:C6"
            style="background: rgb(236, 236, 236);"
          />
        </div>
        <div
          class="grid grid--cell"
          data-testid="Panel"
        >
          <div
            class="cell"
            data-testid="R6:C7"
            style="background: rgb(236, 236, 236);"
          />
        </div>
        <div
          class="grid grid--cell"
          data-testid="Panel"
        >
          <div
            class="cell"
            data-testid="R6:C8"
            style="background: rgb(236, 236, 236);"
          />
        </div>
        <div
          class="grid grid--cell"
          data-testid="Panel"
        >
          <div
            class="cell"
            data-testid="R6:C9"
            style="background: rgb(236, 236, 236);"
          />
        </div>
      </div>
      <div
        class="grid--row"
      >
        <div
          class="grid grid--cell"
          data-testid="Panel"
        >
          <div
            class="cell"
            data-testid="R7:C0"
            style="background: rgb(236, 236, 236);"
          />
        </div>
        <div
          class="grid grid--cell"
          data-testid="Panel"
        >
          <div
            class="cell"
            data-testid="R7:C1"
            style="background: rgb(236, 236, 236);"
          />
        </div>
        <div
          class="grid grid--cell"
          data-testid="Panel"
        >
          <div
            class="cell"
            data-testid="R7:C2"
            style="background: rgb(236, 236, 236);"
          />
        </div>
        <div
          class="grid grid--cell"
          data-testid="Panel"
        >
          <div
            class="cell"
            data-testid="R7:C3"
            style="background: rgb(236, 236, 236);"
          />
        </div>
        <div
          class="grid grid--cell"
          data-testid="Panel"
        >
          <div
            class="cell"
            data-testid="R7:C4"
            style="background: rgb(236, 236, 236);"
          />
        </div>
        <div
          class="grid grid--cell"
          data-testid="Panel"
        >
          <div
            class="cell"
            data-testid="R7:C5"
            style="background: rgb(236, 236, 236);"
          />
        </div>
        <div
          class="grid grid--cell"
          data-testid="Panel"
        >
          <div
            class="cell"
            data-testid="R7:C6"
            style="background: rgb(236, 236, 236);"
          />
        </div>
        <div
          class="grid grid--cell"
          data-testid="Panel"
        >
          <div
            class="cell"
            data-testid="R7:C7"
            style="background: rgb(236, 236, 236);"
          />
        </div>
        <div
          class="grid grid--cell"
          data-testid="Panel"
        >
          <div
            class="cell"
            data-testid="R7:C8"
            style="background: rgb(236, 236, 236);"
          />
        </div>
        <div
          class="grid grid--cell"
          data-testid="Panel"
        >
          <div
            class="cell"
            data-testid="R7:C9"
            style="background: rgb(236, 236, 236);"
          />
        </div>
      </div>
      <div
        class="grid--row"
      >
        <div
          class="grid grid--cell"
          data-testid="Panel"
        >
          <div
            class="cell"
            data-testid="R8:C0"
            style="background: rgb(236, 236, 236);"
          />
        </div>
        <div
          class="grid grid--cell"
          data-testid="Panel"
        >
          <div
            class="cell"
            data-testid="R8:C1"
            style="background: rgb(236, 236, 236);"
          />
        </div>
        <div
          class="grid grid--cell"
          data-testid="Panel"
        >
          <div
            class="cell"
            data-testid="R8:C2"
            style="background: rgb(236, 236, 236);"
          />
        </div>
        <div
          class="grid grid--cell"
          data-testid="Panel"
        >
          <div
            class="cell"
            data-testid="R8:C3"
            style="background: rgb(236, 236, 236);"
          />
        </div>
        <div
          class="grid grid--cell"
          data-testid="Panel"
        >
          <div
            class="cell"
            data-testid="R8:C4"
            style="background: rgb(236, 236, 236);"
          />
        </div>
        <div
          class="grid grid--cell"
          data-testid="Panel"
        >
          <div
            class="cell"
            data-testid="R8:C5"
            style="background: rgb(236, 236, 236);"
          />
        </div>
        <div
          class="grid grid--cell"
          data-testid="Panel"
        >
          <div
            class="cell"
            data-testid="R8:C6"
            style="background: rgb(236, 236, 236);"
          />
        </div>
        <div
          class="grid grid--cell"
          data-testid="Panel"
        >
          <div
            class="cell"
            data-testid="R8:C7"
            style="background: rgb(236, 236, 236);"
          />
        </div>
        <div
          class="grid grid--cell"
          data-testid="Panel"
        >
          <div
            class="cell"
            data-testid="R8:C8"
            style="background: rgb(236, 236, 236);"
          />
        </div>
        <div
          class="grid grid--cell"
          data-testid="Panel"
        >
          <div
            class="cell"
            data-testid="R8:C9"
            style="background: rgb(236, 236, 236);"
          />
        </div>
      </div>
      <div
        class="grid--row"
      >
        <div
          class="grid grid--cell"
          data-testid="Panel"
        >
          <div
            class="cell"
            data-testid="R9:C0"
            style="background: rgb(236, 236, 236);"
          />
        </div>
        <div
          class="grid grid--cell"
          data-testid="Panel"
        >
          <div
            class="cell"
            data-testid="R9:C1"
            style="background: rgb(236, 236, 236);"
          />
        </div>
        <div
          class="grid grid--cell"
          data-testid="Panel"
        >
          <div
            class="cell"
            data-testid="R9:C2"
            style="background: rgb(236, 236, 236);"
          />
        </div>
        <div
          class="grid grid--cell"
          data-testid="Panel"
        >
          <div
            class="cell"
            data-testid="R9:C3"
            style="background: rgb(236, 236, 236);"
          />
        </div>
        <div
          class="grid grid--cell"
          data-testid="Panel"
        >
          <div
            class="cell"
            data-testid="R9:C4"
            style="background: rgb(236, 236, 236);"
          />
        </div>
        <div
          class="grid grid--cell"
          data-testid="Panel"
        >
          <div
            class="cell"
            data-testid="R9:C5"
            style="background: rgb(236, 236, 236);"
          />
        </div>
        <div
          class="grid grid--cell"
          data-testid="Panel"
        >
          <div
            class="cell"
            data-testid="R9:C6"
            style="background: rgb(236, 236, 236);"
          />
        </div>
        <div
          class="grid grid--cell"
          data-testid="Panel"
        >
          <div
            class="cell"
            data-testid="R9:C7"
            style="background: rgb(236, 236, 236);"
          />
        </div>
        <div
          class="grid grid--cell"
          data-testid="Panel"
        >
          <div
            class="cell"
            data-testid="R9:C8"
            style="background: rgb(236, 236, 236);"
          />
        </div>
        <div
          class="grid grid--cell"
          data-testid="Panel"
        >
          <div
            class="cell"
            data-testid="R9:C9"
            style="background: rgb(236, 236, 236);"
          />
        </div>
      </div>
    </div>
  </div>
</DocumentFragment>
`;
