// Jest Snapshot v1, https://goo.gl/fbAQLP

exports[`Cell renders correctly 1`] = `
<DocumentFragment>
  <button
    class="button control-active"
    data-testid="actionbutton"
  >
    Эволюция
  </button>
</DocumentFragment>
`;
