// Jest Snapshot v1, https://goo.gl/fbAQLP

exports[`App renders correctly Native 1`] = `
<DocumentFragment>
  <form
    class="username"
    data-testid="usernameform"
  >
    <input
      class="input"
      data-testid="username"
      placeholder="Введите Ваше имя"
      type="text"
    />
    <input
      class="input"
      data-testid="usernamesubmit"
      type="submit"
      value="Старт"
    />
  </form>
</DocumentFragment>
`;

exports[`App renders correctly ReduxEffects 1`] = `
<DocumentFragment>
  <form
    class="username"
    data-testid="usernameform"
  >
    <input
      class="input"
      data-testid="username"
      placeholder="Введите Ваше имя"
      type="text"
    />
    <input
      class="input"
      data-testid="usernamesubmit"
      type="submit"
      value="Старт"
    />
  </form>
</DocumentFragment>
`;

exports[`App renders correctly ReduxSaga 1`] = `
<DocumentFragment>
  <form
    class="username"
    data-testid="usernameform"
  >
    <input
      class="input"
      data-testid="username"
      placeholder="Введите Ваше имя"
      type="text"
    />
    <input
      class="input"
      data-testid="usernamesubmit"
      type="submit"
      value="Старт"
    />
  </form>
</DocumentFragment>
`;

exports[`App renders correctly ReduxThunk 1`] = `
<DocumentFragment>
  <form
    class="username"
    data-testid="usernameform"
  >
    <input
      class="input"
      data-testid="username"
      placeholder="Введите Ваше имя"
      type="text"
    />
    <input
      class="input"
      data-testid="usernamesubmit"
      type="submit"
      value="Старт"
    />
  </form>
</DocumentFragment>
`;
