// Jest Snapshot v1, https://goo.gl/fbAQLP

exports[`Panel renders correctly 1`] = `
<DocumentFragment>
  <div
    class="grid grid--cell"
    data-testid="Panel"
  >
    Test
  </div>
  <div
    class="grid grid--cell"
    data-testid="Panel"
  >
    Test
  </div>
  <div
    class="grid grid--cell"
    data-testid="Panel"
  >
    Test
  </div>
  <div
    class="grid grid--cell"
    data-testid="Panel"
  >
    Test
  </div>
  <div
    class="grid grid--cell"
    data-testid="Panel"
  >
    Test
  </div>
  <div
    class="grid grid--cell"
    data-testid="Panel"
  >
    Test
  </div>
  <div
    class="grid grid--cell"
    data-testid="Panel"
  >
    Test
  </div>
  <div
    class="grid grid--cell"
    data-testid="Panel"
  >
    Test
  </div>
  <div
    class="grid grid--cell"
    data-testid="Panel"
  >
    Test
  </div>
  <div
    class="grid grid--cell"
    data-testid="Panel"
  >
    Test
  </div>
  <div
    class="grid grid--cell"
    data-testid="Panel"
  >
    Test
  </div>
  <div
    class="grid grid--cell"
    data-testid="Panel"
  >
    Test
  </div>
  <div
    class="grid grid--cell"
    data-testid="Panel"
  >
    Test
  </div>
  <div
    class="grid grid--cell"
    data-testid="Panel"
  >
    Test
  </div>
  <div
    class="grid grid--cell"
    data-testid="Panel"
  >
    Test
  </div>
  <div
    class="grid grid--cell"
    data-testid="Panel"
  >
    Test
  </div>
</DocumentFragment>
`;
