// Jest Snapshot v1, https://goo.gl/fbAQLP

exports[`Automaton renders correctly 1`] = `
<DocumentFragment>
  <select
    class="automaton"
    data-testid="automaton"
  >
    <option
      value="25"
    >
      2х2 (B36/S125)
    </option>
    <option
      value="5"
    >
      Gnarl (B1/S1)
    </option>
    <option
      value="6"
    >
      Gnarl (B123567/S0238)
    </option>
    <option
      value="14"
    >
      Maze (B3/S12345)
    </option>
    <option
      value="27"
    >
      Stains (B367/S2346)
    </option>
    <option
      value="28"
    >
      Stains (B3678/S235678)
    </option>
    <option
      value="31"
    >
      Автомат Вольфрама-Паккарда (B378/S012345678)
    </option>
    <option
      value="16"
    >
      Автомат Вольфрама-Паккарда, класс 2 (B3/S234)
    </option>
    <option
      value="23"
    >
      Амёба (B357/S1358)
    </option>
    <option
      value="20"
    >
      Ассимиляция (B345/S4567)
    </option>
    <option
      value="13"
    >
      Бессмертная жизнь (B3/S012345678)
    </option>
    <option
      value="2"
    >
      Вольфрама-Паккарда (B0578/S045)
    </option>
    <option
      value="3"
    >
      Вольфрама-Паккарда (B0578/S12456)
    </option>
    <option
      value="4"
    >
      Вольфрама-Паккарда (B1/S012345678)
    </option>
    <option
      value="10"
    >
      Вольфрама-Паккарда (B137/S45678)
    </option>
    <option
      value="12"
    >
      Вольфрама-Паккарда (B257/S27)
    </option>
    <option
      value="1"
    >
      Вольфрама-Паккарда, класс 2 (B018/S018)
    </option>
    <option
      value="11"
    >
      Вольфрама-Паккарда, класс 3 (B236/S0468)
    </option>
    <option
      value="26"
    >
      Гламурная жизнь (B36/S23)
    </option>
    <option
      value="33"
    >
      Города за стенами (B45678/S2345)
    </option>
    <option
      value="30"
    >
      Движение (B368/S245)
    </option>
    <option
      value="29"
    >
      День и Ночь (B3678/S34678)
    </option>
    <option
      value="22"
    >
      Диамёба (B35678/5678)
    </option>
    <option
      value="21"
    >
      Долгая жизнь (B345/S5)
    </option>
    <option
      selected=""
      value="15"
    >
      Жизнь (B3/S23)
    </option>
    <option
      value="19"
    >
      Жизнь 34 (B34/S34)
    </option>
    <option
      value="32"
    >
      Коагуляция (B378/S235678)
    </option>
    <option
      value="17"
    >
      Коралл (B3/S45678)
    </option>
    <option
      value="18"
    >
      Коралл (B34/S03456)
    </option>
    <option
      value="24"
    >
      Псевдожизнь (B357/S238)
    </option>
    <option
      value="7"
    >
      Репликатор (B13456/S01356)
    </option>
    <option
      value="8"
    >
      Репликатор (B135/S135)
    </option>
    <option
      value="9"
    >
      Репликатор (B1357/S1357)
    </option>
  </select>
</DocumentFragment>
`;
