// Jest Snapshot v1, https://goo.gl/fbAQLP

exports[`Panel renders correctly 1`] = `
<DocumentFragment>
  <div
    class="grid--row"
  >
    Test
  </div>
  <div
    class="grid--row"
  >
    Test
  </div>
  <div
    class="grid--row"
  >
    Test
  </div>
  <div
    class="grid--row"
  >
    Test
  </div>
</DocumentFragment>
`;
